Job ID: 6805188
Node: gpu034
Start time: Mon Feb 16 12:22:59 AM CET 2026
Conda environment: te_benchmark
Python: /home/users/j/jwang/.conda/envs/te_benchmark/bin/python
Executing: SETTING=B1 && FRAGMENTS=module5_contrastive/data/te_fragments.jsonl && OUTPUT_DIR=module5_contrastive/results/B1 && MODEL_PATH=/srv/beegfs/scratch/shares/ds4dh/common/TE_benchmark/glm_models/generanno/GENERanno-eukaryote-0.5b-base && python module5_contrastive/scripts/train_contrastive.py --fragments_file  --setting  --output_dir  --batch_size 32 --contrastive_batch_size 512 --epochs 50 --lr 1e-3 --temperature 0.07 --max_fragments 10000 --model_path  && python module5_contrastive/scripts/compute_embeddings.py --fragments_file  --setting  --output_dir  --batch_size 32 --max_fragments 10000 --model_path 
Loading fragments from module5_contrastive/data/te_fragments.jsonl...
  10000 fragments, 12 classes
    DNA: 1783
    LINE: 1701
    LTR: 1641
    SINE: 1380
    RC: 1217
    DNA?: 902
    LTR?: 563
    Retroposon: 378
    RC?: 152
    Satellite?: 144
    SINE?: 136
    ARTEFACT: 3

=== Step 1: Precomputing base embeddings (B1) ===
  Processed 32/10000 sequences
  Processed 352/10000 sequences
  Processed 672/10000 sequences
  Processed 992/10000 sequences
  Processed 1312/10000 sequences
  Processed 1632/10000 sequences
  Processed 1952/10000 sequences
  Processed 2272/10000 sequences
  Processed 2592/10000 sequences
  Processed 2912/10000 sequences
  Processed 3232/10000 sequences
  Processed 3552/10000 sequences
  Processed 3872/10000 sequences
  Processed 4192/10000 sequences
  Processed 4512/10000 sequences
  Processed 4832/10000 sequences
  Processed 5152/10000 sequences
  Processed 5472/10000 sequences
  Processed 5792/10000 sequences
  Processed 6112/10000 sequences
  Processed 6432/10000 sequences
  Processed 6752/10000 sequences
  Processed 7072/10000 sequences
  Processed 7392/10000 sequences
  Processed 7712/10000 sequences
  Processed 8032/10000 sequences
  Processed 8352/10000 sequences
  Processed 8672/10000 sequences
  Processed 8992/10000 sequences
  Processed 9312/10000 sequences
  Processed 9632/10000 sequences
  Processed 9952/10000 sequences
  Base embedding shape: (10000, 1280)

=== Step 2: Training contrastive projection head ===
  Epochs: 50, LR: 0.001, Temp: 0.07
  Hidden: 256, Projection: 128
  Epoch 10/50: loss=6.2117 (best=6.2117)
  Epoch 20/50: loss=6.2034 (best=6.2033)
  Epoch 30/50: loss=6.1944 (best=6.1944)
  Epoch 40/50: loss=6.1910 (best=6.1901)
  Epoch 50/50: loss=6.1892 (best=6.1880)
  Best contrastive loss: 6.1880

=== Step 3: Computing projected embeddings ===

=== Saving results ===
  Projection head: contrastive_head_B1.pt
  Projected embeddings: embeddings_B1.npy ((10000, 128))
  Config: contrastive_config_B1.json

=== Done ===
Loading fragments from module5_contrastive/data/te_fragments.jsonl...
  10000 fragments, 12 classes, 13 species

=== Computing embeddings: Setting B1 ===
  Computing model embeddings (/srv/beegfs/scratch/shares/ds4dh/common/TE_benchmark/glm_models/generanno/GENERanno-eukaryote-0.5b-base)...
  Processed 32/10000 sequences
  Processed 352/10000 sequences
  Processed 672/10000 sequences
  Processed 992/10000 sequences
  Processed 1312/10000 sequences
  Processed 1632/10000 sequences
  Processed 1952/10000 sequences
  Processed 2272/10000 sequences
  Processed 2592/10000 sequences
  Processed 2912/10000 sequences
  Processed 3232/10000 sequences
  Processed 3552/10000 sequences
  Processed 3872/10000 sequences
  Processed 4192/10000 sequences
  Processed 4512/10000 sequences
  Processed 4832/10000 sequences
  Processed 5152/10000 sequences
  Processed 5472/10000 sequences
  Processed 5792/10000 sequences
  Processed 6112/10000 sequences
  Processed 6432/10000 sequences
  Processed 6752/10000 sequences
  Processed 7072/10000 sequences
  Processed 7392/10000 sequences
  Processed 7712/10000 sequences
  Processed 8032/10000 sequences
  Processed 8352/10000 sequences
  Processed 8672/10000 sequences
  Processed 8992/10000 sequences
  Processed 9312/10000 sequences
  Processed 9632/10000 sequences
  Processed 9952/10000 sequences
  Embedding shape: (10000, 1280)
  Applying contrastive projection head: module5_contrastive/results/B1/contrastive_head_B1.pt
  Projected embedding shape: (10000, 128)

=== Clustering by TE class ===
  NMI=0.0925, ARI=0.0421

=== Clustering by species ===
  NMI=0.0305, ARI=0.0113

=== Results saved to module5_contrastive/results/B1 ===
  Embeddings: embeddings_B1.npy
  UMAP: umap_coords_B1.tsv
  Metrics: metrics_B1.json
End time: Mon Feb 16 12:45:08 AM CET 2026
Job completed successfully
