=== Module 5: Compute Embeddings (Setting A2) ===
  Fragments: module5_contrastive/data/te_fragments.jsonl
  Model: module1_training/1.4_multi_species/results/multi_2048bp
  Output: module5_contrastive/results/A2
  Start: Sun Feb 15 11:10:37 PM CET 2026
Loading fragments from module5_contrastive/data/te_fragments.jsonl...
  10000 fragments, 12 classes, 13 species

=== Computing embeddings: Setting A2 ===
  Computing model embeddings (module1_training/1.4_multi_species/results/multi_2048bp)...
  Processed 32/10000 sequences
  Processed 352/10000 sequences
  Processed 672/10000 sequences
  Processed 992/10000 sequences
  Processed 1312/10000 sequences
  Processed 1632/10000 sequences
  Processed 1952/10000 sequences
  Processed 2272/10000 sequences
  Processed 2592/10000 sequences
  Processed 2912/10000 sequences
  Processed 3232/10000 sequences
  Processed 3552/10000 sequences
  Processed 3872/10000 sequences
  Processed 4192/10000 sequences
  Processed 4512/10000 sequences
  Processed 4832/10000 sequences
  Processed 5152/10000 sequences
  Processed 5472/10000 sequences
  Processed 5792/10000 sequences
  Processed 6112/10000 sequences
  Processed 6432/10000 sequences
  Processed 6752/10000 sequences
  Processed 7072/10000 sequences
  Processed 7392/10000 sequences
  Processed 7712/10000 sequences
  Processed 8032/10000 sequences
  Processed 8352/10000 sequences
  Processed 8672/10000 sequences
  Processed 8992/10000 sequences
  Processed 9312/10000 sequences
  Processed 9632/10000 sequences
  Processed 9952/10000 sequences
  Embedding shape: (10000, 1280)

=== Clustering by TE class ===
  NMI=0.0714, ARI=0.0188

=== Clustering by species ===
  NMI=0.0638, ARI=0.0234

=== Results saved to module5_contrastive/results/A2 ===
  Embeddings: embeddings_A2.npy
  UMAP: umap_coords_A2.tsv
  Metrics: metrics_A2.json

=== Complete: Sun Feb 15 11:22:21 PM CET 2026 ===
